
===========================================================================
 report_power
============================================================================
======================= Fastest Corner ===================================

Group                  Internal  Switching    Leakage      Total
                          Power      Power      Power      Power (Watts)
----------------------------------------------------------------
Sequential             5.34e-04   1.60e-04   1.52e-08   6.95e-04  23.5%
Combinational          5.98e-04   9.53e-04   5.98e-08   1.55e-03  52.4%
Clock                  5.13e-04   2.03e-04   2.30e-08   7.16e-04  24.2%
Macro                  0.00e+00   0.00e+00   0.00e+00   0.00e+00   0.0%
Pad                    0.00e+00   0.00e+00   0.00e+00   0.00e+00   0.0%
----------------------------------------------------------------
Total                  1.65e-03   1.32e-03   9.80e-08   2.96e-03 100.0%
                          55.6%      44.4%       0.0%

======================= Slowest Corner ===================================

Group                  Internal  Switching    Leakage      Total
                          Power      Power      Power      Power (Watts)
----------------------------------------------------------------
Sequential             3.57e-04   1.09e-04   3.48e-08   4.66e-04  24.2%
Combinational          3.53e-04   6.47e-04   2.38e-07   1.00e-03  52.0%
Clock                  3.19e-04   1.37e-04   1.56e-07   4.56e-04  23.7%
Macro                  0.00e+00   0.00e+00   0.00e+00   0.00e+00   0.0%
Pad                    0.00e+00   0.00e+00   0.00e+00   0.00e+00   0.0%
----------------------------------------------------------------
Total                  1.03e-03   8.93e-04   4.29e-07   1.92e-03 100.0%
                          53.5%      46.5%       0.0%

======================= Typical Corner ===================================

Group                  Internal  Switching    Leakage      Total
                          Power      Power      Power      Power (Watts)
----------------------------------------------------------------
Sequential             4.34e-04   1.33e-04   1.27e-08   5.67e-04  23.8%
Combinational          4.56e-04   7.91e-04   4.94e-08   1.25e-03  52.3%
Clock                  4.03e-04   1.68e-04   1.90e-08   5.71e-04  23.9%
Macro                  0.00e+00   0.00e+00   0.00e+00   0.00e+00   0.0%
Pad                    0.00e+00   0.00e+00   0.00e+00   0.00e+00   0.0%
----------------------------------------------------------------
Total                  1.29e-03   1.09e-03   8.11e-08   2.39e-03 100.0%
                          54.2%      45.8%       0.0%

