
===========================================================================
 report_power
============================================================================
======================= Fastest Corner ===================================

Group                  Internal  Switching    Leakage      Total
                          Power      Power      Power      Power (Watts)
----------------------------------------------------------------
Sequential             5.34e-04   1.52e-04   1.52e-08   6.86e-04  23.6%
Combinational          5.90e-04   9.18e-04   5.98e-08   1.51e-03  51.9%
Clock                  5.13e-04   1.96e-04   2.30e-08   7.09e-04  24.4%
Macro                  0.00e+00   0.00e+00   0.00e+00   0.00e+00   0.0%
Pad                    0.00e+00   0.00e+00   0.00e+00   0.00e+00   0.0%
----------------------------------------------------------------
Total                  1.64e-03   1.27e-03   9.80e-08   2.90e-03 100.0%
                          56.4%      43.6%       0.0%

======================= Slowest Corner ===================================

Group                  Internal  Switching    Leakage      Total
                          Power      Power      Power      Power (Watts)
----------------------------------------------------------------
Sequential             3.57e-04   1.04e-04   3.48e-08   4.61e-04  24.4%
Combinational          3.50e-04   6.23e-04   2.38e-07   9.73e-04  51.6%
Clock                  3.19e-04   1.32e-04   1.56e-07   4.51e-04  23.9%
Macro                  0.00e+00   0.00e+00   0.00e+00   0.00e+00   0.0%
Pad                    0.00e+00   0.00e+00   0.00e+00   0.00e+00   0.0%
----------------------------------------------------------------
Total                  1.03e-03   8.59e-04   4.29e-07   1.89e-03 100.0%
                          54.4%      45.6%       0.0%

======================= Typical Corner ===================================

Group                  Internal  Switching    Leakage      Total
                          Power      Power      Power      Power (Watts)
----------------------------------------------------------------
Sequential             4.34e-04   1.27e-04   1.27e-08   5.60e-04  24.0%
Combinational          4.51e-04   7.61e-04   4.94e-08   1.21e-03  51.9%
Clock                  4.03e-04   1.62e-04   1.90e-08   5.65e-04  24.2%
Macro                  0.00e+00   0.00e+00   0.00e+00   0.00e+00   0.0%
Pad                    0.00e+00   0.00e+00   0.00e+00   0.00e+00   0.0%
----------------------------------------------------------------
Total                  1.29e-03   1.05e-03   8.11e-08   2.34e-03 100.0%
                          55.1%      44.9%       0.0%

