
58. Printing statistics.

=== state_machine ===

   Number of wires:                271
   Number of wire bits:            336
   Number of public wires:          51
   Number of public wire bits:     116
   Number of ports:                 23
   Number of port bits:             88
   Number of memories:               0
   Number of memory bits:            0
   Number of processes:              0
   Number of cells:                316
     gf180mcu_fd_sc_mcu7t5v0__and2_1      1
     gf180mcu_fd_sc_mcu7t5v0__and3_1      2
     gf180mcu_fd_sc_mcu7t5v0__aoi211_1      1
     gf180mcu_fd_sc_mcu7t5v0__aoi21_1     10
     gf180mcu_fd_sc_mcu7t5v0__aoi22_1     14
     gf180mcu_fd_sc_mcu7t5v0__buf_1     33
     gf180mcu_fd_sc_mcu7t5v0__clkinv_1     30
     gf180mcu_fd_sc_mcu7t5v0__dffrnq_1     28
     gf180mcu_fd_sc_mcu7t5v0__inv_1      8
     gf180mcu_fd_sc_mcu7t5v0__mux2_2      9
     gf180mcu_fd_sc_mcu7t5v0__nand2_1     66
     gf180mcu_fd_sc_mcu7t5v0__nand3_1      6
     gf180mcu_fd_sc_mcu7t5v0__nand4_1      5
     gf180mcu_fd_sc_mcu7t5v0__nor2_1     26
     gf180mcu_fd_sc_mcu7t5v0__nor3_1      7
     gf180mcu_fd_sc_mcu7t5v0__nor4_1      2
     gf180mcu_fd_sc_mcu7t5v0__oai211_1     12
     gf180mcu_fd_sc_mcu7t5v0__oai21_1     31
     gf180mcu_fd_sc_mcu7t5v0__oai221_1      5
     gf180mcu_fd_sc_mcu7t5v0__oai22_1      1
     gf180mcu_fd_sc_mcu7t5v0__oai31_1      7
     gf180mcu_fd_sc_mcu7t5v0__oai32_1      1
     gf180mcu_fd_sc_mcu7t5v0__or2_1      8
     gf180mcu_fd_sc_mcu7t5v0__or3_1      3

   Chip area for module '\state_machine': 6478.035200
     of which used for sequential elements: 2089.830400 (32.26%)

